Archive member included to satisfy reference by file (symbol)

c:/st/stm32cubeide_1.10.0/stm32cubeide/plugins/com.st.stm32cube.ide.mcu.externaltools.gnu-tools-for-stm32.10.3-2021.10.win32_1.0.0.202111181127/tools/bin/../lib/gcc/arm-none-eabi/10.3.1/../../../../arm-none-eabi/lib/thumb/v7-m/nofp\libc_nano.a(lib_a-errno.o)
                              ./Core/Src/syscalls.o (__errno)
c:/st/stm32cubeide_1.10.0/stm32cubeide/plugins/com.st.stm32cube.ide.mcu.externaltools.gnu-tools-for-stm32.10.3-2021.10.win32_1.0.0.202111181127/tools/bin/../lib/gcc/arm-none-eabi/10.3.1/../../../../arm-none-eabi/lib/thumb/v7-m/nofp\libc_nano.a(lib_a-exit.o)
                              c:/st/stm32cubeide_1.10.0/stm32cubeide/plugins/com.st.stm32cube.ide.mcu.externaltools.gnu-tools-for-stm32.10.3-2021.10.win32_1.0.0.202111181127/tools/bin/../lib/gcc/arm-none-eabi/10.3.1/../../../../arm-none-eabi/lib/thumb/v7-m/nofp/crt0.o (exit)
c:/st/stm32cubeide_1.10.0/stm32cubeide/plugins/com.st.stm32cube.ide.mcu.externaltools.gnu-tools-for-stm32.10.3-2021.10.win32_1.0.0.202111181127/tools/bin/../lib/gcc/arm-none-eabi/10.3.1/../../../../arm-none-eabi/lib/thumb/v7-m/nofp\libc_nano.a(lib_a-impure.o)
                              c:/st/stm32cubeide_1.10.0/stm32cubeide/plugins/com.st.stm32cube.ide.mcu.externaltools.gnu-tools-for-stm32.10.3-2021.10.win32_1.0.0.202111181127/tools/bin/../lib/gcc/arm-none-eabi/10.3.1/../../../../arm-none-eabi/lib/thumb/v7-m/nofp\libc_nano.a(lib_a-exit.o) (_global_impure_ptr)
c:/st/stm32cubeide_1.10.0/stm32cubeide/plugins/com.st.stm32cube.ide.mcu.externaltools.gnu-tools-for-stm32.10.3-2021.10.win32_1.0.0.202111181127/tools/bin/../lib/gcc/arm-none-eabi/10.3.1/../../../../arm-none-eabi/lib/thumb/v7-m/nofp\libc_nano.a(lib_a-init.o)
                              c:/st/stm32cubeide_1.10.0/stm32cubeide/plugins/com.st.stm32cube.ide.mcu.externaltools.gnu-tools-for-stm32.10.3-2021.10.win32_1.0.0.202111181127/tools/bin/../lib/gcc/arm-none-eabi/10.3.1/../../../../arm-none-eabi/lib/thumb/v7-m/nofp/crt0.o (__libc_init_array)
c:/st/stm32cubeide_1.10.0/stm32cubeide/plugins/com.st.stm32cube.ide.mcu.externaltools.gnu-tools-for-stm32.10.3-2021.10.win32_1.0.0.202111181127/tools/bin/../lib/gcc/arm-none-eabi/10.3.1/../../../../arm-none-eabi/lib/thumb/v7-m/nofp\libc_nano.a(lib_a-memset.o)
                              c:/st/stm32cubeide_1.10.0/stm32cubeide/plugins/com.st.stm32cube.ide.mcu.externaltools.gnu-tools-for-stm32.10.3-2021.10.win32_1.0.0.202111181127/tools/bin/../lib/gcc/arm-none-eabi/10.3.1/../../../../arm-none-eabi/lib/thumb/v7-m/nofp/crt0.o (memset)

Discarded input sections

 .text          0x0000000000000000        0x0 c:/st/stm32cubeide_1.10.0/stm32cubeide/plugins/com.st.stm32cube.ide.mcu.externaltools.gnu-tools-for-stm32.10.3-2021.10.win32_1.0.0.202111181127/tools/bin/../lib/gcc/arm-none-eabi/10.3.1/thumb/v7-m/nofp/crti.o
 .data          0x0000000000000000        0x0 c:/st/stm32cubeide_1.10.0/stm32cubeide/plugins/com.st.stm32cube.ide.mcu.externaltools.gnu-tools-for-stm32.10.3-2021.10.win32_1.0.0.202111181127/tools/bin/../lib/gcc/arm-none-eabi/10.3.1/thumb/v7-m/nofp/crti.o
 .bss           0x0000000000000000        0x0 c:/st/stm32cubeide_1.10.0/stm32cubeide/plugins/com.st.stm32cube.ide.mcu.externaltools.gnu-tools-for-stm32.10.3-2021.10.win32_1.0.0.202111181127/tools/bin/../lib/gcc/arm-none-eabi/10.3.1/thumb/v7-m/nofp/crti.o
 .data          0x0000000000000000        0x4 c:/st/stm32cubeide_1.10.0/stm32cubeide/plugins/com.st.stm32cube.ide.mcu.externaltools.gnu-tools-for-stm32.10.3-2021.10.win32_1.0.0.202111181127/tools/bin/../lib/gcc/arm-none-eabi/10.3.1/thumb/v7-m/nofp/crtbegin.o
 .rodata        0x0000000000000000       0x24 c:/st/stm32cubeide_1.10.0/stm32cubeide/plugins/com.st.stm32cube.ide.mcu.externaltools.gnu-tools-for-stm32.10.3-2021.10.win32_1.0.0.202111181127/tools/bin/../lib/gcc/arm-none-eabi/10.3.1/thumb/v7-m/nofp/crtbegin.o
 .text          0x0000000000000000       0x7c c:/st/stm32cubeide_1.10.0/stm32cubeide/plugins/com.st.stm32cube.ide.mcu.externaltools.gnu-tools-for-stm32.10.3-2021.10.win32_1.0.0.202111181127/tools/bin/../lib/gcc/arm-none-eabi/10.3.1/../../../../arm-none-eabi/lib/thumb/v7-m/nofp/crt0.o
 .data          0x0000000000000000        0x0 c:/st/stm32cubeide_1.10.0/stm32cubeide/plugins/com.st.stm32cube.ide.mcu.externaltools.gnu-tools-for-stm32.10.3-2021.10.win32_1.0.0.202111181127/tools/bin/../lib/gcc/arm-none-eabi/10.3.1/../../../../arm-none-eabi/lib/thumb/v7-m/nofp/crt0.o
 .bss           0x0000000000000000        0x0 c:/st/stm32cubeide_1.10.0/stm32cubeide/plugins/com.st.stm32cube.ide.mcu.externaltools.gnu-tools-for-stm32.10.3-2021.10.win32_1.0.0.202111181127/tools/bin/../lib/gcc/arm-none-eabi/10.3.1/../../../../arm-none-eabi/lib/thumb/v7-m/nofp/crt0.o
[...]
Memory Configuration

Name             Origin             Length             Attributes
RAM              0x0000000020000000 0x0000000000002800 xrw
FLASH            0x0000000008000000 0x0000000000008000 xr
*default*        0x0000000000000000 0xffffffffffffffff

Linker script and memory map

LOAD c:/st/stm32cubeide_1.10.0/stm32cubeide/plugins/com.st.stm32cube.ide.mcu.externaltools.gnu-tools-for-stm32.10.3-2021.10.win32_1.0.0.202111181127/tools/bin/../lib/gcc/arm-none-eabi/10.3.1/thumb/v7-m/nofp/crti.o
LOAD c:/st/stm32cubeide_1.10.0/stm32cubeide/plugins/com.st.stm32cube.ide.mcu.externaltools.gnu-tools-for-stm32.10.3-2021.10.win32_1.0.0.202111181127/tools/bin/../lib/gcc/arm-none-eabi/10.3.1/thumb/v7-m/nofp/crtbegin.o
LOAD c:/st/stm32cubeide_1.10.0/stm32cubeide/plugins/com.st.stm32cube.ide.mcu.externaltools.gnu-tools-for-stm32.10.3-2021.10.win32_1.0.0.202111181127/tools/bin/../lib/gcc/arm-none-eabi/10.3.1/../../../../arm-none-eabi/lib/thumb/v7-m/nofp/crt0.o
LOAD ./Core/Src/can_utils.o
LOAD ./Core/Src/control.o
LOAD ./Core/Src/main.o
LOAD ./Core/Src/stm32_utils.o
LOAD ./Core/Src/stm32f1xx_hal_msp.o
LOAD ./Core/Src/stm32f1xx_it.o
LOAD ./Core/Src/syscalls.o
LOAD ./Core/Src/sysmem.o
LOAD ./Core/Src/system_stm32f1xx.o
LOAD ./Core/Startup/startup_stm32f103c6tx.o
LOAD ./Drivers/STM32F1xx_HAL_Driver/Src/stm32f1xx_hal.o
LOAD ./Drivers/STM32F1xx_HAL_Driver/Src/stm32f1xx_hal_can.o
LOAD ./Drivers/STM32F1xx_HAL_Driver/Src/stm32f1xx_hal_cortex.o
LOAD ./Drivers/STM32F1xx_HAL_Driver/Src/stm32f1xx_hal_dma.o
LOAD ./Drivers/STM32F1xx_HAL_Driver/Src/stm32f1xx_hal_exti.o
LOAD ./Drivers/STM32F1xx_HAL_Driver/Src/stm32f1xx_hal_flash.o
LOAD ./Drivers/STM32F1xx_HAL_Driver/Src/stm32f1xx_hal_flash_ex.o
LOAD ./Drivers/STM32F1xx_HAL_Driver/Src/stm32f1xx_hal_gpio.o
LOAD ./Drivers/STM32F1xx_HAL_Driver/Src/stm32f1xx_hal_gpio_ex.o
LOAD ./Drivers/STM32F1xx_HAL_Driver/Src/stm32f1xx_hal_pwr.o
LOAD ./Drivers/STM32F1xx_HAL_Driver/Src/stm32f1xx_hal_rcc.o
LOAD ./Drivers/STM32F1xx_HAL_Driver/Src/stm32f1xx_hal_rcc_ex.o
LOAD ./Drivers/STM32F1xx_HAL_Driver/Src/stm32f1xx_hal_tim.o
LOAD ./Drivers/STM32F1xx_HAL_Driver/Src/stm32f1xx_hal_tim_ex.o
LOAD ./Drivers/STM32F1xx_HAL_Driver/Src/stm32f1xx_hal_uart.o
START GROUP
LOAD c:/st/stm32cubeide_1.10.0/stm32cubeide/plugins/com.st.stm32cube.ide.mcu.externaltools.gnu-tools-for-stm32.10.3-2021.10.win32_1.0.0.202111181127/tools/bin/../lib/gcc/arm-none-eabi/10.3.1/../../../../arm-none-eabi/lib/thumb/v7-m/nofp\libc_nano.a
LOAD c:/st/stm32cubeide_1.10.0/stm32cubeide/plugins/com.st.stm32cube.ide.mcu.externaltools.gnu-tools-for-stm32.10.3-2021.10.win32_1.0.0.202111181127/tools/bin/../lib/gcc/arm-none-eabi/10.3.1/../../../../arm-none-eabi/lib/thumb/v7-m/nofp\libm.a
END GROUP
START GROUP
LOAD c:/st/stm32cubeide_1.10.0/stm32cubeide/plugins/com.st.stm32cube.ide.mcu.externaltools.gnu-tools-for-stm32.10.3-2021.10.win32_1.0.0.202111181127/tools/bin/../lib/gcc/arm-none-eabi/10.3.1/thumb/v7-m/nofp\libgcc.a
LOAD c:/st/stm32cubeide_1.10.0/stm32cubeide/plugins/com.st.stm32cube.ide.mcu.externaltools.gnu-tools-for-stm32.10.3-2021.10.win32_1.0.0.202111181127/tools/bin/../lib/gcc/arm-none-eabi/10.3.1/../../../../arm-none-eabi/lib/thumb/v7-m/nofp\libc_nano.a
END GROUP
START GROUP
LOAD c:/st/stm32cubeide_1.10.0/stm32cubeide/plugins/com.st.stm32cube.ide.mcu.externaltools.gnu-tools-for-stm32.10.3-2021.10.win32_1.0.0.202111181127/tools/bin/../lib/gcc/arm-none-eabi/10.3.1/thumb/v7-m/nofp\libgcc.a
LOAD c:/st/stm32cubeide_1.10.0/stm32cubeide/plugins/com.st.stm32cube.ide.mcu.externaltools.gnu-tools-for-stm32.10.3-2021.10.win32_1.0.0.202111181127/tools/bin/../lib/gcc/arm-none-eabi/10.3.1/../../../../arm-none-eabi/lib/thumb/v7-m/nofp\libc_nano.a
LOAD c:/st/stm32cubeide_1.10.0/stm32cubeide/plugins/com.st.stm32cube.ide.mcu.externaltools.gnu-tools-for-stm32.10.3-2021.10.win32_1.0.0.202111181127/tools/bin/../lib/gcc/arm-none-eabi/10.3.1/../../../../arm-none-eabi/lib/thumb/v7-m/nofp\libnosys.a
END GROUP
START GROUP
LOAD c:/st/stm32cubeide_1.10.0/stm32cubeide/plugins/com.st.stm32cube.ide.mcu.externaltools.gnu-tools-for-stm32.10.3-2021.10.win32_1.0.0.202111181127/tools/bin/../lib/gcc/arm-none-eabi/10.3.1/thumb/v7-m/nofp\libgcc.a
LOAD c:/st/stm32cubeide_1.10.0/stm32cubeide/plugins/com.st.stm32cube.ide.mcu.externaltools.gnu-tools-for-stm32.10.3-2021.10.win32_1.0.0.202111181127/tools/bin/../lib/gcc/arm-none-eabi/10.3.1/../../../../arm-none-eabi/lib/thumb/v7-m/nofp\libc_nano.a
LOAD c:/st/stm32cubeide_1.10.0/stm32cubeide/plugins/com.st.stm32cube.ide.mcu.externaltools.gnu-tools-for-stm32.10.3-2021.10.win32_1.0.0.202111181127/tools/bin/../lib/gcc/arm-none-eabi/10.3.1/../../../../arm-none-eabi/lib/thumb/v7-m/nofp\libnosys.a
END GROUP
LOAD c:/st/stm32cubeide_1.10.0/stm32cubeide/plugins/com.st.stm32cube.ide.mcu.externaltools.gnu-tools-for-stm32.10.3-2021.10.win32_1.0.0.202111181127/tools/bin/../lib/gcc/arm-none-eabi/10.3.1/thumb/v7-m/nofp/crtend.o
LOAD c:/st/stm32cubeide_1.10.0/stm32cubeide/plugins/com.st.stm32cube.ide.mcu.externaltools.gnu-tools-for-stm32.10.3-2021.10.win32_1.0.0.202111181127/tools/bin/../lib/gcc/arm-none-eabi/10.3.1/thumb/v7-m/nofp/crtn.o
                0x0000000020002800                _estack = (ORIGIN (RAM) + LENGTH (RAM))
                0x0000000000000200                _Min_Heap_Size = 0x200
                0x0000000000000400                _Min_Stack_Size = 0x400

.isr_vector     0x0000000008000000      0x10c
                0x0000000008000000                . = ALIGN (0x4)
 *(.isr_vector)
 .isr_vector    0x0000000008000000      0x10c ./Core/Startup/startup_stm32f103c6tx.o
                0x0000000008000000                g_pfnVectors
                0x000000000800010c                . = ALIGN (0x4)

.text           0x000000000800010c     0x41c4
                0x000000000800010c                . = ALIGN (0x4)
 *(.text)
 .text          0x000000000800010c       0x40 c:/st/stm32cubeide_1.10.0/stm32cubeide/plugins/com.st.stm32cube.ide.mcu.externaltools.gnu-tools-for-stm32.10.3-2021.10.win32_1.0.0.202111181127/tools/bin/../lib/gcc/arm-none-eabi/10.3.1/thumb/v7-m/nofp/crtbegin.o
 *(.text*)
 .text.CAN_RX_Handler
                0x000000000800014c       0x48 ./Core/Src/can_utils.o
                0x000000000800014c                CAN_RX_Handler
 .text.CAN_UTIL_Transmit
                0x0000000008000194       0x54 ./Core/Src/can_utils.o
                0x0000000008000194                CAN_UTIL_Transmit
 .text.CAN_UTIL_SetID
                0x00000000080001e8       0x28 ./Core/Src/can_utils.o
                0x00000000080001e8                CAN_UTIL_SetID
 .text.CAN_UTIL_SetLength
                0x0000000008000210       0x2c ./Core/Src/can_utils.o
                0x0000000008000210                CAN_UTIL_SetLength
 .text.CAN_UTIL_Setup
                0x000000000800023c       0x2e ./Core/Src/can_utils.o
                0x000000000800023c                CAN_UTIL_Setup
 *fill*         0x000000000800026a        0x2 
 .text.CAN_UTIL_SetData
                0x000000000800026c       0x9c ./Core/Src/can_utils.o
                0x000000000800026c                CAN_UTIL_SetData
 .text.HAL_CAN_TxMailbox0CompleteCallback
                0x0000000008000308       0x12 ./Core/Src/can_utils.o
                0x0000000008000308                HAL_CAN_TxMailbox0CompleteCallback
 *fill*         0x000000000800031a        0x2 
 .text.HAL_CAN_RxFifo0MsgPendingCallback
                0x000000000800031c      0x11c ./Core/Src/can_utils.o
                0x000000000800031c                HAL_CAN_RxFifo0MsgPendingCallback
 .text.Err_Handler
                0x0000000008000438       0x1a ./Core/Src/control.o
                0x0000000008000438                Err_Handler
 *fill*         0x0000000008000452        0x2 
 .text.Input_Check
                0x0000000008000454       0xdc ./Core/Src/control.o
                0x0000000008000454                Input_Check
 .text.Relay_AIRPOS_SetState
                0x0000000008000530       0x54 ./Core/Src/control.o
                0x0000000008000530                Relay_AIRPOS_SetState
 .text.Relay_AIRNEG_SetState
                0x0000000008000584       0x54 ./Core/Src/control.o
                0x0000000008000584                Relay_AIRNEG_SetState
 .text.Relay_PC_SetState
                0x00000000080005d8       0x54 ./Core/Src/control.o
                0x00000000080005d8                Relay_PC_SetState
 .text.Relay_AIRPOS_Check
                0x000000000800062c       0xa8 ./Core/Src/control.o
                0x000000000800062c                Relay_AIRPOS_Check
 .text.Relay_AIRNEG_Check
                0x00000000080006d4       0xa8 ./Core/Src/control.o
                0x00000000080006d4                Relay_AIRNEG_Check
 .text.Relay_PC_Check
                0x000000000800077c       0xa8 ./Core/Src/control.o
                0x000000000800077c                Relay_PC_Check
 .text.HV_Check
                0x0000000008000824       0x3c ./Core/Src/control.o
                0x0000000008000824                HV_Check
 .text.PC_Routine_Charge_Start
                0x0000000008000860       0x26 ./Core/Src/control.o
                0x0000000008000860                PC_Routine_Charge_Start
 *fill*         0x0000000008000886        0x2 
 .text.PC_Routine_Charge_Complete
                0x0000000008000888       0x40 ./Core/Src/control.o
                0x0000000008000888                PC_Routine_Charge_Complete
 .text.PC_Routine_Discharge_Start
                0x00000000080008c8       0x44 ./Core/Src/control.o
                0x00000000080008c8                PC_Routine_Discharge_Start
 .text.PC_Routine_Discharge_Complete
                0x000000000800090c       0x90 ./Core/Src/control.o
                0x000000000800090c                PC_Routine_Discharge_Complete
 .text.PC_Overflow
                0x000000000800099c       0x34 ./Core/Src/control.o
                0x000000000800099c                PC_Overflow
 .text.Kill     0x00000000080009d0       0x94 ./Core/Src/control.o
                0x00000000080009d0                Kill
 .text.Shutdown
                0x0000000008000a64       0x48 ./Core/Src/control.o
                0x0000000008000a64                Shutdown
 .text.TS_Request
                0x0000000008000aac       0x58 ./Core/Src/control.o
                0x0000000008000aac                TS_Request
 .text.Status_Check
                0x0000000008000b04       0x28 ./Core/Src/control.o
                0x0000000008000b04                Status_Check
 .text.Status_Set
                0x0000000008000b2c      0x144 ./Core/Src/control.o
                0x0000000008000b2c                Status_Set
 .text.CAN_Transmit_State
                0x0000000008000c70       0x6c ./Core/Src/control.o
                0x0000000008000c70                CAN_Transmit_State
 .text.Startup  0x0000000008000cdc       0x84 ./Core/Src/control.o
                0x0000000008000cdc                Startup
 .text.Debounce_Power
                0x0000000008000d60       0x2c ./Core/Src/control.o
                0x0000000008000d60                Debounce_Power
 .text.Debounce_TS
                0x0000000008000d8c       0x4c ./Core/Src/control.o
                0x0000000008000d8c                Debounce_TS
 .text.Debounce_PC
                0x0000000008000dd8       0x20 ./Core/Src/control.o
                0x0000000008000dd8                Debounce_PC
 .text.Debounce_Relays
                0x0000000008000df8       0x18 ./Core/Src/control.o
                0x0000000008000df8                Debounce_Relays
 .text.DevCon_Charger
                0x0000000008000e10       0x3c ./Core/Src/control.o
                0x0000000008000e10                DevCon_Charger
 .text.DevCon_Override
                0x0000000008000e4c       0x3c ./Core/Src/control.o
                0x0000000008000e4c                DevCon_Override
 .text.TaskScheduleHandler
                0x0000000008000e88      0x15c ./Core/Src/main.o
                0x0000000008000e88                TaskScheduleHandler
 .text.main     0x0000000008000fe4       0xa8 ./Core/Src/main.o
                0x0000000008000fe4                main
 .text.SystemClock_Config
                0x000000000800108c       0x8a ./Core/Src/main.o
                0x000000000800108c                SystemClock_Config
 *fill*         0x0000000008001116        0x2 
 .text.MX_CAN_Init
                0x0000000008001118       0xc0 ./Core/Src/main.o
 .text.MX_TIM1_Init
                0x00000000080011d8       0xa0 ./Core/Src/main.o
 .text.MX_TIM2_Init
                0x0000000008001278       0x9c ./Core/Src/main.o
 .text.MX_USART1_UART_Init
                0x0000000008001314       0x54 ./Core/Src/main.o
 .text.MX_GPIO_Init
                0x0000000008001368      0x198 ./Core/Src/main.o
 .text.HAL_TIM_PeriodElapsedCallback
                0x0000000008001500       0x50 ./Core/Src/main.o
                0x0000000008001500                HAL_TIM_PeriodElapsedCallback
 .text.HAL_GPIO_EXTI_Callback
                0x0000000008001550      0x1cc ./Core/Src/main.o
                0x0000000008001550                HAL_GPIO_EXTI_Callback
 .text.Error_Handler
                0x000000000800171c        0xa ./Core/Src/main.o
                0x000000000800171c                Error_Handler
 *fill*         0x0000000008001726        0x2 
 .text.ScheduleTask
                0x0000000008001728       0xc4 ./Core/Src/stm32_utils.o
                0x0000000008001728                ScheduleTask
 .text.ScheduleTaskStop
                0x00000000080017ec       0x20 ./Core/Src/stm32_utils.o
                0x00000000080017ec                ScheduleTaskStop
 .text.TaskScheduleSoftClock
                0x000000000800180c       0xcc ./Core/Src/stm32_utils.o
                0x000000000800180c                TaskScheduleSoftClock
 .text.TaskScheduleSoftClock_FlagSet
                0x00000000080018d8       0x18 ./Core/Src/stm32_utils.o
                0x00000000080018d8                TaskScheduleSoftClock_FlagSet
 .text.IWDG_Delay
                0x00000000080018f0       0x34 ./Core/Src/stm32_utils.o
                0x00000000080018f0                IWDG_Delay
 .text.HAL_MspInit
                0x0000000008001924       0x64 ./Core/Src/stm32f1xx_hal_msp.o
                0x0000000008001924                HAL_MspInit
 .text.HAL_CAN_MspInit
                0x0000000008001988       0xe0 ./Core/Src/stm32f1xx_hal_msp.o
                0x0000000008001988                HAL_CAN_MspInit
 .text.HAL_TIM_Base_MspInit
                0x0000000008001a68       0x80 ./Core/Src/stm32f1xx_hal_msp.o
                0x0000000008001a68                HAL_TIM_Base_MspInit
 .text.HAL_UART_MspInit
                0x0000000008001ae8       0x84 ./Core/Src/stm32f1xx_hal_msp.o
                0x0000000008001ae8                HAL_UART_MspInit
 .text.NMI_Handler
                0x0000000008001b6c        0x6 ./Core/Src/stm32f1xx_it.o
                0x0000000008001b6c                NMI_Handler
 .text.HardFault_Handler
                0x0000000008001b72        0x6 ./Core/Src/stm32f1xx_it.o
                0x0000000008001b72                HardFault_Handler
 .text.MemManage_Handler
                0x0000000008001b78        0x6 ./Core/Src/stm32f1xx_it.o
                0x0000000008001b78                MemManage_Handler
 .text.BusFault_Handler
                0x0000000008001b7e        0x6 ./Core/Src/stm32f1xx_it.o
                0x0000000008001b7e                BusFault_Handler
 .text.UsageFault_Handler
                0x0000000008001b84        0x6 ./Core/Src/stm32f1xx_it.o
                0x0000000008001b84                UsageFault_Handler
 .text.SVC_Handler
                0x0000000008001b8a        0xc ./Core/Src/stm32f1xx_it.o
                0x0000000008001b8a                SVC_Handler
 .text.DebugMon_Handler
                0x0000000008001b96        0xc ./Core/Src/stm32f1xx_it.o
                0x0000000008001b96                DebugMon_Handler
 .text.PendSV_Handler
                0x0000000008001ba2        0xc ./Core/Src/stm32f1xx_it.o
                0x0000000008001ba2                PendSV_Handler
 .text.SysTick_Handler
                0x0000000008001bae        0xc ./Core/Src/stm32f1xx_it.o
                0x0000000008001bae                SysTick_Handler
 .text.EXTI0_IRQHandler
                0x0000000008001bba        0xe ./Core/Src/stm32f1xx_it.o
                0x0000000008001bba                EXTI0_IRQHandler
 .text.EXTI3_IRQHandler
                0x0000000008001bc8        0xe ./Core/Src/stm32f1xx_it.o
                0x0000000008001bc8                EXTI3_IRQHandler
 .text.EXTI4_IRQHandler
                0x0000000008001bd6        0xe ./Core/Src/stm32f1xx_it.o
                0x0000000008001bd6                EXTI4_IRQHandler
 .text.USB_HP_CAN1_TX_IRQHandler
                0x0000000008001be4       0x14 ./Core/Src/stm32f1xx_it.o
                0x0000000008001be4                USB_HP_CAN1_TX_IRQHandler
 .text.USB_LP_CAN1_RX0_IRQHandler
                0x0000000008001bf8       0x14 ./Core/Src/stm32f1xx_it.o
                0x0000000008001bf8                USB_LP_CAN1_RX0_IRQHandler
 .text.EXTI9_5_IRQHandler
                0x0000000008001c0c       0x1a ./Core/Src/stm32f1xx_it.o
                0x0000000008001c0c                EXTI9_5_IRQHandler
 *fill*         0x0000000008001c26        0x2 
 .text.TIM1_UP_IRQHandler
                0x0000000008001c28       0x14 ./Core/Src/stm32f1xx_it.o
                0x0000000008001c28                TIM1_UP_IRQHandler
 .text.TIM2_IRQHandler
                0x0000000008001c3c       0x14 ./Core/Src/stm32f1xx_it.o
                0x0000000008001c3c                TIM2_IRQHandler
 .text.EXTI15_10_IRQHandler
                0x0000000008001c50       0x20 ./Core/Src/stm32f1xx_it.o
                0x0000000008001c50                EXTI15_10_IRQHandler
 .text.SystemInit
                0x0000000008001c70        0xc ./Core/Src/system_stm32f1xx.o
                0x0000000008001c70                SystemInit
 .text.Reset_Handler
                0x0000000008001c7c       0x48 ./Core/Startup/startup_stm32f103c6tx.o
                0x0000000008001c7c                Reset_Handler
 .text.Default_Handler
                0x0000000008001cc4        0x2 ./Core/Startup/startup_stm32f103c6tx.o
                0x0000000008001cc4                RTC_Alarm_IRQHandler
                0x0000000008001cc4                EXTI2_IRQHandler
                0x0000000008001cc4                TIM1_CC_IRQHandler
                0x0000000008001cc4                PVD_IRQHandler
                0x0000000008001cc4                ADC1_2_IRQHandler
                0x0000000008001cc4                SPI1_IRQHandler
                0x0000000008001cc4                TAMPER_IRQHandler
                0x0000000008001cc4                DMA1_Channel4_IRQHandler
                0x0000000008001cc4                RTC_IRQHandler
                0x0000000008001cc4                DMA1_Channel7_IRQHandler
                0x0000000008001cc4                CAN1_RX1_IRQHandler
                0x0000000008001cc4                I2C1_EV_IRQHandler
                0x0000000008001cc4                DMA1_Channel6_IRQHandler
                0x0000000008001cc4                TIM3_IRQHandler
                0x0000000008001cc4                RCC_IRQHandler
                0x0000000008001cc4                TIM1_TRG_COM_IRQHandler
                0x0000000008001cc4                DMA1_Channel1_IRQHandler
                0x0000000008001cc4                Default_Handler
                0x0000000008001cc4                DMA1_Channel5_IRQHandler
                0x0000000008001cc4                DMA1_Channel3_IRQHandler
                0x0000000008001cc4                WWDG_IRQHandler
                0x0000000008001cc4                TIM1_BRK_IRQHandler
                0x0000000008001cc4                EXTI1_IRQHandler
                0x0000000008001cc4                USART2_IRQHandler
                0x0000000008001cc4                DMA1_Channel2_IRQHandler
                0x0000000008001cc4                CAN1_SCE_IRQHandler
                0x0000000008001cc4                FLASH_IRQHandler
                0x0000000008001cc4                USART1_IRQHandler
                0x0000000008001cc4                I2C1_ER_IRQHandler
                0x0000000008001cc4                USBWakeUp_IRQHandler
 *fill*         0x0000000008001cc6        0x2 
 .text.HAL_Init
                0x0000000008001cc8       0x2c ./Drivers/STM32F1xx_HAL_Driver/Src/stm32f1xx_hal.o
                0x0000000008001cc8                HAL_Init
 .text.HAL_InitTick
                0x0000000008001cf4       0x60 ./Drivers/STM32F1xx_HAL_Driver/Src/stm32f1xx_hal.o
                0x0000000008001cf4                HAL_InitTick
 .text.HAL_IncTick
                0x0000000008001d54       0x24 ./Drivers/STM32F1xx_HAL_Driver/Src/stm32f1xx_hal.o
                0x0000000008001d54                HAL_IncTick
 .text.HAL_GetTick
                0x0000000008001d78       0x14 ./Drivers/STM32F1xx_HAL_Driver/Src/stm32f1xx_hal.o
                0x0000000008001d78                HAL_GetTick
 .text.HAL_Delay
                0x0000000008001d8c       0x48 ./Drivers/STM32F1xx_HAL_Driver/Src/stm32f1xx_hal.o
                0x0000000008001d8c                HAL_Delay
 .text.HAL_CAN_Init
                0x0000000008001dd4      0x1f6 ./Drivers/STM32F1xx_HAL_Driver/Src/stm32f1xx_hal_can.o
                0x0000000008001dd4                HAL_CAN_Init
 .text.HAL_CAN_ConfigFilter
                0x0000000008001fca      0x192 ./Drivers/STM32F1xx_HAL_Driver/Src/stm32f1xx_hal_can.o
                0x0000000008001fca                HAL_CAN_ConfigFilter
 .text.HAL_CAN_Start
                0x000000000800215c       0x88 ./Drivers/STM32F1xx_HAL_Driver/Src/stm32f1xx_hal_can.o
                0x000000000800215c                HAL_CAN_Start
 .text.HAL_CAN_AddTxMessage
                0x00000000080021e4      0x1b4 ./Drivers/STM32F1xx_HAL_Driver/Src/stm32f1xx_hal_can.o
                0x00000000080021e4                HAL_CAN_AddTxMessage
 .text.HAL_CAN_GetRxMessage
                0x0000000008002398      0x222 ./Drivers/STM32F1xx_HAL_Driver/Src/stm32f1xx_hal_can.o
                0x0000000008002398                HAL_CAN_GetRxMessage
 .text.HAL_CAN_ActivateNotification
                0x00000000080025ba       0x4a ./Drivers/STM32F1xx_HAL_Driver/Src/stm32f1xx_hal_can.o
                0x00000000080025ba                HAL_CAN_ActivateNotification
 .text.HAL_CAN_IRQHandler
                0x0000000008002604      0x36e ./Drivers/STM32F1xx_HAL_Driver/Src/stm32f1xx_hal_can.o
                0x0000000008002604                HAL_CAN_IRQHandler
 .text.HAL_CAN_TxMailbox1CompleteCallback
                0x0000000008002972       0x12 ./Drivers/STM32F1xx_HAL_Driver/Src/stm32f1xx_hal_can.o
                0x0000000008002972                HAL_CAN_TxMailbox1CompleteCallback
 .text.HAL_CAN_TxMailbox2CompleteCallback
                0x0000000008002984       0x12 ./Drivers/STM32F1xx_HAL_Driver/Src/stm32f1xx_hal_can.o
                0x0000000008002984                HAL_CAN_TxMailbox2CompleteCallback
 .text.HAL_CAN_TxMailbox0AbortCallback
                0x0000000008002996       0x12 ./Drivers/STM32F1xx_HAL_Driver/Src/stm32f1xx_hal_can.o
                0x0000000008002996                HAL_CAN_TxMailbox0AbortCallback
 .text.HAL_CAN_TxMailbox1AbortCallback
                0x00000000080029a8       0x12 ./Drivers/STM32F1xx_HAL_Driver/Src/stm32f1xx_hal_can.o
                0x00000000080029a8                HAL_CAN_TxMailbox1AbortCallback
 .text.HAL_CAN_TxMailbox2AbortCallback
                0x00000000080029ba       0x12 ./Drivers/STM32F1xx_HAL_Driver/Src/stm32f1xx_hal_can.o
                0x00000000080029ba                HAL_CAN_TxMailbox2AbortCallback
 .text.HAL_CAN_RxFifo0FullCallback
                0x00000000080029cc       0x12 ./Drivers/STM32F1xx_HAL_Driver/Src/stm32f1xx_hal_can.o
                0x00000000080029cc                HAL_CAN_RxFifo0FullCallback
 .text.HAL_CAN_RxFifo1MsgPendingCallback
                0x00000000080029de       0x12 ./Drivers/STM32F1xx_HAL_Driver/Src/stm32f1xx_hal_can.o
                0x00000000080029de                HAL_CAN_RxFifo1MsgPendingCallback
 .text.HAL_CAN_RxFifo1FullCallback
                0x00000000080029f0       0x12 ./Drivers/STM32F1xx_HAL_Driver/Src/stm32f1xx_hal_can.o
                0x00000000080029f0                HAL_CAN_RxFifo1FullCallback
 .text.HAL_CAN_SleepCallback
                0x0000000008002a02       0x12 ./Drivers/STM32F1xx_HAL_Driver/Src/stm32f1xx_hal_can.o
                0x0000000008002a02                HAL_CAN_SleepCallback
 .text.HAL_CAN_WakeUpFromRxMsgCallback
                0x0000000008002a14       0x12 ./Drivers/STM32F1xx_HAL_Driver/Src/stm32f1xx_hal_can.o
                0x0000000008002a14                HAL_CAN_WakeUpFromRxMsgCallback
 .text.HAL_CAN_ErrorCallback
                0x0000000008002a26       0x12 ./Drivers/STM32F1xx_HAL_Driver/Src/stm32f1xx_hal_can.o
                0x0000000008002a26                HAL_CAN_ErrorCallback
 .text.__NVIC_SetPriorityGrouping
                0x0000000008002a38       0x48 ./Drivers/STM32F1xx_HAL_Driver/Src/stm32f1xx_hal_cortex.o
 .text.__NVIC_GetPriorityGrouping
                0x0000000008002a80       0x1c ./Drivers/STM32F1xx_HAL_Driver/Src/stm32f1xx_hal_cortex.o
 .text.__NVIC_EnableIRQ
                0x0000000008002a9c       0x38 ./Drivers/STM32F1xx_HAL_Driver/Src/stm32f1xx_hal_cortex.o
 .text.__NVIC_SetPriority
                0x0000000008002ad4       0x54 ./Drivers/STM32F1xx_HAL_Driver/Src/stm32f1xx_hal_cortex.o
 .text.NVIC_EncodePriority
                0x0000000008002b28       0x64 ./Drivers/STM32F1xx_HAL_Driver/Src/stm32f1xx_hal_cortex.o
 .text.__NVIC_SystemReset
                0x0000000008002b8c       0x2c ./Drivers/STM32F1xx_HAL_Driver/Src/stm32f1xx_hal_cortex.o
 .text.SysTick_Config
                0x0000000008002bb8       0x44 ./Drivers/STM32F1xx_HAL_Driver/Src/stm32f1xx_hal_cortex.o
 .text.HAL_NVIC_SetPriorityGrouping
                0x0000000008002bfc       0x16 ./Drivers/STM32F1xx_HAL_Driver/Src/stm32f1xx_hal_cortex.o
                0x0000000008002bfc                HAL_NVIC_SetPriorityGrouping
 .text.HAL_NVIC_SetPriority
                0x0000000008002c12       0x38 ./Drivers/STM32F1xx_HAL_Driver/Src/stm32f1xx_hal_cortex.o
                0x0000000008002c12                HAL_NVIC_SetPriority
 .text.HAL_NVIC_EnableIRQ
                0x0000000008002c4a       0x1c ./Drivers/STM32F1xx_HAL_Driver/Src/stm32f1xx_hal_cortex.o
                0x0000000008002c4a                HAL_NVIC_EnableIRQ
 .text.HAL_NVIC_SystemReset
                0x0000000008002c66        0x8 ./Drivers/STM32F1xx_HAL_Driver/Src/stm32f1xx_hal_cortex.o
                0x0000000008002c66                HAL_NVIC_SystemReset
 .text.HAL_SYSTICK_Config
                0x0000000008002c6e       0x18 ./Drivers/STM32F1xx_HAL_Driver/Src/stm32f1xx_hal_cortex.o
                0x0000000008002c6e                HAL_SYSTICK_Config
 *fill*         0x0000000008002c86        0x2 
 .text.HAL_GPIO_Init
                0x0000000008002c88      0x2f8 ./Drivers/STM32F1xx_HAL_Driver/Src/stm32f1xx_hal_gpio.o
                0x0000000008002c88                HAL_GPIO_Init
 .text.HAL_GPIO_ReadPin
                0x0000000008002f80       0x2e ./Drivers/STM32F1xx_HAL_Driver/Src/stm32f1xx_hal_gpio.o
                0x0000000008002f80                HAL_GPIO_ReadPin
 .text.HAL_GPIO_WritePin
                0x0000000008002fae       0x30 ./Drivers/STM32F1xx_HAL_Driver/Src/stm32f1xx_hal_gpio.o
                0x0000000008002fae                HAL_GPIO_WritePin
 .text.HAL_GPIO_TogglePin
                0x0000000008002fde       0x32 ./Drivers/STM32F1xx_HAL_Driver/Src/stm32f1xx_hal_gpio.o
                0x0000000008002fde                HAL_GPIO_TogglePin
 .text.HAL_GPIO_EXTI_IRQHandler
                0x0000000008003010       0x30 ./Drivers/STM32F1xx_HAL_Driver/Src/stm32f1xx_hal_gpio.o
                0x0000000008003010                HAL_GPIO_EXTI_IRQHandler
 .text.HAL_RCC_OscConfig
                0x0000000008003040      0x504 ./Drivers/STM32F1xx_HAL_Driver/Src/stm32f1xx_hal_rcc.o
                0x0000000008003040                HAL_RCC_OscConfig
 .text.HAL_RCC_ClockConfig
                0x0000000008003544      0x1d4 ./Drivers/STM32F1xx_HAL_Driver/Src/stm32f1xx_hal_rcc.o
                0x0000000008003544                HAL_RCC_ClockConfig
 .text.HAL_RCC_GetSysClockFreq
                0x0000000008003718       0xbc ./Drivers/STM32F1xx_HAL_Driver/Src/stm32f1xx_hal_rcc.o
                0x0000000008003718                HAL_RCC_GetSysClockFreq
 .text.HAL_RCC_GetHCLKFreq
                0x00000000080037d4       0x14 ./Drivers/STM32F1xx_HAL_Driver/Src/stm32f1xx_hal_rcc.o
                0x00000000080037d4                HAL_RCC_GetHCLKFreq
 .text.HAL_RCC_GetPCLK1Freq
                0x00000000080037e8       0x28 ./Drivers/STM32F1xx_HAL_Driver/Src/stm32f1xx_hal_rcc.o
                0x00000000080037e8                HAL_RCC_GetPCLK1Freq
 .text.HAL_RCC_GetPCLK2Freq
                0x0000000008003810       0x28 ./Drivers/STM32F1xx_HAL_Driver/Src/stm32f1xx_hal_rcc.o
                0x0000000008003810                HAL_RCC_GetPCLK2Freq
 .text.RCC_Delay
                0x0000000008003838       0x3c ./Drivers/STM32F1xx_HAL_Driver/Src/stm32f1xx_hal_rcc.o
 .text.HAL_TIM_Base_Init
                0x0000000008003874       0x9e ./Drivers/STM32F1xx_HAL_Driver/Src/stm32f1xx_hal_tim.o
                0x0000000008003874                HAL_TIM_Base_Init
 *fill*         0x0000000008003912        0x2 
 .text.HAL_TIM_Base_Start_IT
                0x0000000008003914       0x98 ./Drivers/STM32F1xx_HAL_Driver/Src/stm32f1xx_hal_tim.o
                0x0000000008003914                HAL_TIM_Base_Start_IT
 .text.HAL_TIM_Base_Stop_IT
                0x00000000080039ac       0x5c ./Drivers/STM32F1xx_HAL_Driver/Src/stm32f1xx_hal_tim.o
                0x00000000080039ac                HAL_TIM_Base_Stop_IT
 .text.HAL_TIM_IRQHandler
                0x0000000008003a08      0x210 ./Drivers/STM32F1xx_HAL_Driver/Src/stm32f1xx_hal_tim.o
                0x0000000008003a08                HAL_TIM_IRQHandler
 .text.HAL_TIM_ConfigClockSource
                0x0000000008003c18      0x188 ./Drivers/STM32F1xx_HAL_Driver/Src/stm32f1xx_hal_tim.o
                0x0000000008003c18                HAL_TIM_ConfigClockSource
 .text.HAL_TIM_OC_DelayElapsedCallback
                0x0000000008003da0       0x12 ./Drivers/STM32F1xx_HAL_Driver/Src/stm32f1xx_hal_tim.o
                0x0000000008003da0                HAL_TIM_OC_DelayElapsedCallback
 .text.HAL_TIM_IC_CaptureCallback
                0x0000000008003db2       0x12 ./Drivers/STM32F1xx_HAL_Driver/Src/stm32f1xx_hal_tim.o
                0x0000000008003db2                HAL_TIM_IC_CaptureCallback
 .text.HAL_TIM_PWM_PulseFinishedCallback
                0x0000000008003dc4       0x12 ./Drivers/STM32F1xx_HAL_Driver/Src/stm32f1xx_hal_tim.o
                0x0000000008003dc4                HAL_TIM_PWM_PulseFinishedCallback
 .text.HAL_TIM_TriggerCallback
                0x0000000008003dd6       0x12 ./Drivers/STM32F1xx_HAL_Driver/Src/stm32f1xx_hal_tim.o
                0x0000000008003dd6                HAL_TIM_TriggerCallback
 .text.TIM_Base_SetConfig
                0x0000000008003de8       0xb0 ./Drivers/STM32F1xx_HAL_Driver/Src/stm32f1xx_hal_tim.o
                0x0000000008003de8                TIM_Base_SetConfig
 .text.TIM_TI1_ConfigInputStage
                0x0000000008003e98       0x5c ./Drivers/STM32F1xx_HAL_Driver/Src/stm32f1xx_hal_tim.o
 .text.TIM_TI2_ConfigInputStage
                0x0000000008003ef4       0x5e ./Drivers/STM32F1xx_HAL_Driver/Src/stm32f1xx_hal_tim.o
 .text.TIM_ITRx_SetConfig
                0x0000000008003f52       0x34 ./Drivers/STM32F1xx_HAL_Driver/Src/stm32f1xx_hal_tim.o
 .text.TIM_ETR_SetConfig
                0x0000000008003f86       0x3e ./Drivers/STM32F1xx_HAL_Driver/Src/stm32f1xx_hal_tim.o
                0x0000000008003f86                TIM_ETR_SetConfig
 .text.HAL_TIMEx_MasterConfigSynchronization
                0x0000000008003fc4       0xb0 ./Drivers/STM32F1xx_HAL_Driver/Src/stm32f1xx_hal_tim_ex.o
                0x0000000008003fc4                HAL_TIMEx_MasterConfigSynchronization
 .text.HAL_TIMEx_CommutCallback
                0x0000000008004074       0x12 ./Drivers/STM32F1xx_HAL_Driver/Src/stm32f1xx_hal_tim_ex.o
                0x0000000008004074                HAL_TIMEx_CommutCallback
 .text.HAL_TIMEx_BreakCallback
                0x0000000008004086       0x12 ./Drivers/STM32F1xx_HAL_Driver/Src/stm32f1xx_hal_tim_ex.o
                0x0000000008004086                HAL_TIMEx_BreakCallback
 .text.HAL_HalfDuplex_Init
                0x0000000008004098       0xaa ./Drivers/STM32F1xx_HAL_Driver/Src/stm32f1xx_hal_uart.o
                0x0000000008004098                HAL_HalfDuplex_Init
 *fill*         0x0000000008004142        0x2 
 .text.UART_SetConfig
                0x0000000008004144      0x11c ./Drivers/STM32F1xx_HAL_Driver/Src/stm32f1xx_hal_uart.o
 .text.__libc_init_array
                0x0000000008004260       0x48 c:/st/stm32cubeide_1.10.0/stm32cubeide/plugins/com.st.stm32cube.ide.mcu.externaltools.gnu-tools-for-stm32.10.3-2021.10.win32_1.0.0.202111181127/tools/bin/../lib/gcc/arm-none-eabi/10.3.1/../../../../arm-none-eabi/lib/thumb/v7-m/nofp\libc_nano.a(lib_a-init.o)
                0x0000000008004260                __libc_init_array
 .text.memset   0x00000000080042a8       0x10 c:/st/stm32cubeide_1.10.0/stm32cubeide/plugins/com.st.stm32cube.ide.mcu.externaltools.gnu-tools-for-stm32.10.3-2021.10.win32_1.0.0.202111181127/tools/bin/../lib/gcc/arm-none-eabi/10.3.1/../../../../arm-none-eabi/lib/thumb/v7-m/nofp\libc_nano.a(lib_a-memset.o)
                0x00000000080042a8                memset
 *(.glue_7)
 .glue_7        0x00000000080042b8        0x0 linker stubs
 *(.glue_7t)
 .glue_7t       0x00000000080042b8        0x0 linker stubs
 *(.eh_frame)
 .eh_frame      0x00000000080042b8        0x0 c:/st/stm32cubeide_1.10.0/stm32cubeide/plugins/com.st.stm32cube.ide.mcu.externaltools.gnu-tools-for-stm32.10.3-2021.10.win32_1.0.0.202111181127/tools/bin/../lib/gcc/arm-none-eabi/10.3.1/thumb/v7-m/nofp/crtbegin.o
 *(.init)
 .init          0x00000000080042b8        0x4 c:/st/stm32cubeide_1.10.0/stm32cubeide/plugins/com.st.stm32cube.ide.mcu.externaltools.gnu-tools-for-stm32.10.3-2021.10.win32_1.0.0.202111181127/tools/bin/../lib/gcc/arm-none-eabi/10.3.1/thumb/v7-m/nofp/crti.o
                0x00000000080042b8                _init
 .init          0x00000000080042bc        0x8 c:/st/stm32cubeide_1.10.0/stm32cubeide/plugins/com.st.stm32cube.ide.mcu.externaltools.gnu-tools-for-stm32.10.3-2021.10.win32_1.0.0.202111181127/tools/bin/../lib/gcc/arm-none-eabi/10.3.1/thumb/v7-m/nofp/crtn.o
 *(.fini)
 .fini          0x00000000080042c4        0x4 c:/st/stm32cubeide_1.10.0/stm32cubeide/plugins/com.st.stm32cube.ide.mcu.externaltools.gnu-tools-for-stm32.10.3-2021.10.win32_1.0.0.202111181127/tools/bin/../lib/gcc/arm-none-eabi/10.3.1/thumb/v7-m/nofp/crti.o
                0x00000000080042c4                _fini
 .fini          0x00000000080042c8        0x8 c:/st/stm32cubeide_1.10.0/stm32cubeide/plugins/com.st.stm32cube.ide.mcu.externaltools.gnu-tools-for-stm32.10.3-2021.10.win32_1.0.0.202111181127/tools/bin/../lib/gcc/arm-none-eabi/10.3.1/thumb/v7-m/nofp/crtn.o
                0x00000000080042d0                . = ALIGN (0x4)
                0x00000000080042d0                _etext = .

.vfp11_veneer   0x00000000080042d0        0x0
 .vfp11_veneer  0x00000000080042d0        0x0 linker stubs

.v4_bx          0x00000000080042d0        0x0
 .v4_bx         0x00000000080042d0        0x0 linker stubs

.iplt           0x00000000080042d0        0x0
 .iplt          0x00000000080042d0        0x0 c:/st/stm32cubeide_1.10.0/stm32cubeide/plugins/com.st.stm32cube.ide.mcu.externaltools.gnu-tools-for-stm32.10.3-2021.10.win32_1.0.0.202111181127/tools/bin/../lib/gcc/arm-none-eabi/10.3.1/thumb/v7-m/nofp/crtbegin.o

.rodata         0x00000000080042d0       0x28
                0x00000000080042d0                . = ALIGN (0x4)
 *(.rodata)
 .rodata        0x00000000080042d0       0x10 ./Drivers/STM32F1xx_HAL_Driver/Src/stm32f1xx_hal_rcc.o
 *(.rodata*)
 .rodata.AHBPrescTable
                0x00000000080042e0       0x10 ./Core/Src/system_stm32f1xx.o
                0x00000000080042e0                AHBPrescTable
 .rodata.APBPrescTable
                0x00000000080042f0        0x8 ./Core/Src/system_stm32f1xx.o
                0x00000000080042f0                APBPrescTable
                0x00000000080042f8                . = ALIGN (0x4)

.rel.dyn        0x00000000080042f8        0x0
 .rel.iplt      0x00000000080042f8        0x0 c:/st/stm32cubeide_1.10.0/stm32cubeide/plugins/com.st.stm32cube.ide.mcu.externaltools.gnu-tools-for-stm32.10.3-2021.10.win32_1.0.0.202111181127/tools/bin/../lib/gcc/arm-none-eabi/10.3.1/thumb/v7-m/nofp/crtbegin.o

.ARM.extab      0x00000000080042f8        0x0
                0x00000000080042f8                . = ALIGN (0x4)
 *(.ARM.extab* .gnu.linkonce.armextab.*)
                0x00000000080042f8                . = ALIGN (0x4)

.ARM            0x00000000080042f8        0x0
                0x00000000080042f8                . = ALIGN (0x4)
                0x00000000080042f8                __exidx_start = .
 *(.ARM.exidx*)
                0x00000000080042f8                __exidx_end = .
                0x00000000080042f8                . = ALIGN (0x4)

.preinit_array  0x00000000080042f8        0x0
                0x00000000080042f8                . = ALIGN (0x4)
                0x00000000080042f8                PROVIDE (__preinit_array_start = .)
 *(.preinit_array*)
                0x00000000080042f8                PROVIDE (__preinit_array_end = .)
                0x00000000080042f8                . = ALIGN (0x4)

.init_array     0x00000000080042f8        0x4
                0x00000000080042f8                . = ALIGN (0x4)
                0x00000000080042f8                PROVIDE (__init_array_start = .)
 *(SORT_BY_NAME(.init_array.*))
 *(.init_array*)
 .init_array    0x00000000080042f8        0x4 c:/st/stm32cubeide_1.10.0/stm32cubeide/plugins/com.st.stm32cube.ide.mcu.externaltools.gnu-tools-for-stm32.10.3-2021.10.win32_1.0.0.202111181127/tools/bin/../lib/gcc/arm-none-eabi/10.3.1/thumb/v7-m/nofp/crtbegin.o
                0x00000000080042fc                PROVIDE (__init_array_end = .)
                0x00000000080042fc                . = ALIGN (0x4)

.fini_array     0x00000000080042fc        0x4
                0x00000000080042fc                . = ALIGN (0x4)
                [!provide]                        PROVIDE (__fini_array_start = .)
 *(SORT_BY_NAME(.fini_array.*))
 *(.fini_array*)
 .fini_array    0x00000000080042fc        0x4 c:/st/stm32cubeide_1.10.0/stm32cubeide/plugins/com.st.stm32cube.ide.mcu.externaltools.gnu-tools-for-stm32.10.3-2021.10.win32_1.0.0.202111181127/tools/bin/../lib/gcc/arm-none-eabi/10.3.1/thumb/v7-m/nofp/crtbegin.o
                [!provide]                        PROVIDE (__fini_array_end = .)
                0x0000000008004300                . = ALIGN (0x4)
                0x0000000008004300                _sidata = LOADADDR (.data)

.data           0x0000000020000000        0xc load address 0x0000000008004300
                0x0000000020000000                . = ALIGN (0x4)
                0x0000000020000000                _sdata = .
 *(.data)
 *(.data*)
 .data.SystemCoreClock
                0x0000000020000000        0x4 ./Core/Src/system_stm32f1xx.o
                0x0000000020000000                SystemCoreClock
 .data.uwTickPrio
                0x0000000020000004        0x4 ./Drivers/STM32F1xx_HAL_Driver/Src/stm32f1xx_hal.o
                0x0000000020000004                uwTickPrio
 .data.uwTickFreq
                0x0000000020000008        0x1 ./Drivers/STM32F1xx_HAL_Driver/Src/stm32f1xx_hal.o
                0x0000000020000008                uwTickFreq
 *(.RamFunc)
 *(.RamFunc*)
                0x000000002000000c                . = ALIGN (0x4)
 *fill*         0x0000000020000009        0x3 
                0x000000002000000c                _edata = .

.igot.plt       0x000000002000000c        0x0 load address 0x000000000800430c
 .igot.plt      0x000000002000000c        0x0 c:/st/stm32cubeide_1.10.0/stm32cubeide/plugins/com.st.stm32cube.ide.mcu.externaltools.gnu-tools-for-stm32.10.3-2021.10.win32_1.0.0.202111181127/tools/bin/../lib/gcc/arm-none-eabi/10.3.1/thumb/v7-m/nofp/crtbegin.o
                0x000000002000000c                . = ALIGN (0x4)

.bss            0x000000002000000c      0x41c load address 0x000000000800430c
                0x000000002000000c                _sbss = .
                0x000000002000000c                __bss_start__ = _sbss
 *(.bss)
 .bss           0x000000002000000c       0x1c c:/st/stm32cubeide_1.10.0/stm32cubeide/plugins/com.st.stm32cube.ide.mcu.externaltools.gnu-tools-for-stm32.10.3-2021.10.win32_1.0.0.202111181127/tools/bin/../lib/gcc/arm-none-eabi/10.3.1/thumb/v7-m/nofp/crtbegin.o
 *(.bss*)
 .bss.CAN_RX_Queue
                0x0000000020000028      0x200 ./Core/Src/can_utils.o
                0x0000000020000028                CAN_RX_Queue
 .bss.CAN_RX_Queue_Count
                0x0000000020000228        0x1 ./Core/Src/can_utils.o
                0x0000000020000228                CAN_RX_Queue_Count
 *fill*         0x0000000020000229        0x3 
 .bss.CAN_RxHeader
                0x000000002000022c       0x1c ./Core/Src/can_utils.o
                0x000000002000022c                CAN_RxHeader
 .bss.CAN_Rx_Message
                0x0000000020000248        0x8 ./Core/Src/can_utils.o
                0x0000000020000248                CAN_Rx_Message
 .bss.CAN_Messages
                0x0000000020000250       0x10 ./Core/Src/can_utils.o
                0x0000000020000250                CAN_Messages
 .bss.hrcb      0x0000000020000260        0xa ./Core/Src/control.o
                0x0000000020000260                hrcb
 *fill*         0x000000002000026a        0x2 
 .bss.hcan      0x000000002000026c       0x28 ./Core/Src/main.o
                0x000000002000026c                hcan
 .bss.htim1     0x0000000020000294       0x48 ./Core/Src/main.o
                0x0000000020000294                htim1
 .bss.htim2     0x00000000200002dc       0x48 ./Core/Src/main.o
                0x00000000200002dc                htim2
 .bss.huart1    0x0000000020000324       0x44 ./Core/Src/main.o
                0x0000000020000324                huart1
 .bss.STARTUP_COMPLETE
                0x0000000020000368        0x1 ./Core/Src/main.o
                0x0000000020000368                STARTUP_COMPLETE
 .bss.INITIAL_PC
                0x0000000020000369        0x1 ./Core/Src/main.o
                0x0000000020000369                INITIAL_PC
 *fill*         0x000000002000036a        0x2 
 .bss.CurrentTime
                0x000000002000036c        0xc ./Core/Src/stm32_utils.o
                0x000000002000036c                CurrentTime
 .bss.ScheduleQueue
                0x0000000020000378       0xa8 ./Core/Src/stm32_utils.o
                0x0000000020000378                ScheduleQueue
 .bss.TaskSchedulerSoftClock_Flag
                0x0000000020000420        0x1 ./Core/Src/stm32_utils.o
                0x0000000020000420                TaskSchedulerSoftClock_Flag
 *fill*         0x0000000020000421        0x3 
 .bss.uwTick    0x0000000020000424        0x4 ./Drivers/STM32F1xx_HAL_Driver/Src/stm32f1xx_hal.o
                0x0000000020000424                uwTick
 *(COMMON)
                0x0000000020000428                . = ALIGN (0x4)
                0x0000000020000428                _ebss = .
                0x0000000020000428                __bss_end__ = _ebss

._user_heap_stack
                0x0000000020000428      0x600 load address 0x000000000800430c
                0x0000000020000428                . = ALIGN (0x8)
                [!provide]                        PROVIDE (end = .)
                0x0000000020000428                PROVIDE (_end = .)
                0x0000000020000628                . = (. + _Min_Heap_Size)
 *fill*         0x0000000020000428      0x200 
                0x0000000020000a28                . = (. + _Min_Stack_Size)
 *fill*         0x0000000020000628      0x400 
                0x0000000020000a28                . = ALIGN (0x8)

/DISCARD/
 libc.a(*)
 libm.a(*)
 libgcc.a(*)

.ARM.attributes
                0x0000000000000000       0x29
 *(.ARM.attributes)
 .ARM.attributes
                0x0000000000000000       0x1d c:/st/stm32cubeide_1.10.0/stm32cubeide/plugins/com.st.stm32cube.ide.mcu.externaltools.gnu-tools-for-stm32.10.3-2021.10.win32_1.0.0.202111181127/tools/bin/../lib/gcc/arm-none-eabi/10.3.1/thumb/v7-m/nofp/crti.o
 .ARM.attributes
                0x000000000000001d       0x2d c:/st/stm32cubeide_1.10.0/stm32cubeide/plugins/com.st.stm32cube.ide.mcu.externaltools.gnu-tools-for-stm32.10.3-2021.10.win32_1.0.0.202111181127/tools/bin/../lib/gcc/arm-none-eabi/10.3.1/thumb/v7-m/nofp/crtbegin.o
 .ARM.attributes
                0x000000000000004a       0x2d ./Core/Src/can_utils.o
 .ARM.attributes
                0x0000000000000077       0x2d ./Core/Src/control.o
 .ARM.attributes
                0x00000000000000a4       0x2d ./Core/Src/main.o
 .ARM.attributes
                0x00000000000000d1       0x2d ./Core/Src/stm32_utils.o
 .ARM.attributes
                0x00000000000000fe       0x2d ./Core/Src/stm32f1xx_hal_msp.o
 .ARM.attributes
                0x000000000000012b       0x2d ./Core/Src/stm32f1xx_it.o
 .ARM.attributes
                0x0000000000000158       0x2d ./Core/Src/system_stm32f1xx.o
 .ARM.attributes
                0x0000000000000185       0x21 ./Core/Startup/startup_stm32f103c6tx.o
 .ARM.attributes
                0x00000000000001a6       0x2d ./Drivers/STM32F1xx_HAL_Driver/Src/stm32f1xx_hal.o
 .ARM.attributes
                0x00000000000001d3       0x2d ./Drivers/STM32F1xx_HAL_Driver/Src/stm32f1xx_hal_can.o
 .ARM.attributes
                0x0000000000000200       0x2d ./Drivers/STM32F1xx_HAL_Driver/Src/stm32f1xx_hal_cortex.o
 .ARM.attributes
                0x000000000000022d       0x2d ./Drivers/STM32F1xx_HAL_Driver/Src/stm32f1xx_hal_gpio.o
 .ARM.attributes
                0x000000000000025a       0x2d ./Drivers/STM32F1xx_HAL_Driver/Src/stm32f1xx_hal_rcc.o
 .ARM.attributes
                0x0000000000000287       0x2d ./Drivers/STM32F1xx_HAL_Driver/Src/stm32f1xx_hal_tim.o
 .ARM.attributes
                0x00000000000002b4       0x2d ./Drivers/STM32F1xx_HAL_Driver/Src/stm32f1xx_hal_tim_ex.o
 .ARM.attributes
                0x00000000000002e1       0x2d ./Drivers/STM32F1xx_HAL_Driver/Src/stm32f1xx_hal_uart.o
 .ARM.attributes
                0x000000000000030e       0x2d c:/st/stm32cubeide_1.10.0/stm32cubeide/plugins/com.st.stm32cube.ide.mcu.externaltools.gnu-tools-for-stm32.10.3-2021.10.win32_1.0.0.202111181127/tools/bin/../lib/gcc/arm-none-eabi/10.3.1/../../../../arm-none-eabi/lib/thumb/v7-m/nofp\libc_nano.a(lib_a-init.o)
 .ARM.attributes
                0x000000000000033b       0x2d c:/st/stm32cubeide_1.10.0/stm32cubeide/plugins/com.st.stm32cube.ide.mcu.externaltools.gnu-tools-for-stm32.10.3-2021.10.win32_1.0.0.202111181127/tools/bin/../lib/gcc/arm-none-eabi/10.3.1/../../../../arm-none-eabi/lib/thumb/v7-m/nofp\libc_nano.a(lib_a-memset.o)
 .ARM.attributes
                0x0000000000000368       0x1d c:/st/stm32cubeide_1.10.0/stm32cubeide/plugins/com.st.stm32cube.ide.mcu.externaltools.gnu-tools-for-stm32.10.3-2021.10.win32_1.0.0.202111181127/tools/bin/../lib/gcc/arm-none-eabi/10.3.1/thumb/v7-m/nofp/crtn.o
OUTPUT(USM23_RelayControlBoard.elf elf32-littlearm)
LOAD linker stubs
LOAD c:/st/stm32cubeide_1.10.0/stm32cubeide/plugins/com.st.stm32cube.ide.mcu.externaltools.gnu-tools-for-stm32.10.3-2021.10.win32_1.0.0.202111181127/tools/bin/../lib/gcc/arm-none-eabi/10.3.1/../../../../arm-none-eabi/lib/thumb/v7-m/nofp\libc.a
LOAD c:/st/stm32cubeide_1.10.0/stm32cubeide/plugins/com.st.stm32cube.ide.mcu.externaltools.gnu-tools-for-stm32.10.3-2021.10.win32_1.0.0.202111181127/tools/bin/../lib/gcc/arm-none-eabi/10.3.1/../../../../arm-none-eabi/lib/thumb/v7-m/nofp\libm.a
LOAD c:/st/stm32cubeide_1.10.0/stm32cubeide/plugins/com.st.stm32cube.ide.mcu.externaltools.gnu-tools-for-stm32.10.3-2021.10.win32_1.0.0.202111181127/tools/bin/../lib/gcc/arm-none-eabi/10.3.1/thumb/v7-m/nofp\libgcc.a

.debug_info     0x0000000000000000     0xdfe4
 .debug_info    0x0000000000000000      0xaf0 ./Core/Src/can_utils.o
 .debug_info    0x0000000000000af0     0x12e4 ./Core/Src/control.o
 .debug_info    0x0000000000001dd4     0x1a50 ./Core/Src/main.o
 .debug_info    0x0000000000003824      0x2b0 ./Core/Src/stm32_utils.o
 .debug_info    0x0000000000003ad4     0x1203 ./Core/Src/stm32f1xx_hal_msp.o
 .debug_info    0x0000000000004cd7      0xba5 ./Core/Src/stm32f1xx_it.o
 .debug_info    0x000000000000587c      0x23d ./Core/Src/system_stm32f1xx.o
 .debug_info    0x0000000000005ab9       0x22 ./Core/Startup/startup_stm32f103c6tx.o
 .debug_info    0x0000000000005adb      0x716 ./Drivers/STM32F1xx_HAL_Driver/Src/stm32f1xx_hal.o
 .debug_info    0x00000000000061f1      0xfb3 ./Drivers/STM32F1xx_HAL_Driver/Src/stm32f1xx_hal_can.o
 .debug_info    0x00000000000071a4      0xb02 ./Drivers/STM32F1xx_HAL_Driver/Src/stm32f1xx_hal_cortex.o
 .debug_info    0x0000000000007ca6      0x615 ./Drivers/STM32F1xx_HAL_Driver/Src/stm32f1xx_hal_gpio.o
 .debug_info    0x00000000000082bb      0x860 ./Drivers/STM32F1xx_HAL_Driver/Src/stm32f1xx_hal_rcc.o
 .debug_info    0x0000000000008b1b     0x29de ./Drivers/STM32F1xx_HAL_Driver/Src/stm32f1xx_hal_tim.o
 .debug_info    0x000000000000b4f9     0x1513 ./Drivers/STM32F1xx_HAL_Driver/Src/stm32f1xx_hal_tim_ex.o
 .debug_info    0x000000000000ca0c     0x15d8 ./Drivers/STM32F1xx_HAL_Driver/Src/stm32f1xx_hal_uart.o

.debug_abbrev   0x0000000000000000     0x2208
 .debug_abbrev  0x0000000000000000      0x22c ./Core/Src/can_utils.o
 .debug_abbrev  0x000000000000022c      0x2d4 ./Core/Src/control.o
 .debug_abbrev  0x0000000000000500      0x391 ./Core/Src/main.o
 .debug_abbrev  0x0000000000000891      0x170 ./Core/Src/stm32_utils.o
 .debug_abbrev  0x0000000000000a01      0x234 ./Core/Src/stm32f1xx_hal_msp.o
 .debug_abbrev  0x0000000000000c35      0x1f5 ./Core/Src/stm32f1xx_it.o
 .debug_abbrev  0x0000000000000e2a      0x13b ./Core/Src/system_stm32f1xx.o
 .debug_abbrev  0x0000000000000f65       0x12 ./Core/Startup/startup_stm32f103c6tx.o
 .debug_abbrev  0x0000000000000f77      0x1fb ./Drivers/STM32F1xx_HAL_Driver/Src/stm32f1xx_hal.o
 .debug_abbrev  0x0000000000001172      0x20c ./Drivers/STM32F1xx_HAL_Driver/Src/stm32f1xx_hal_can.o
 .debug_abbrev  0x000000000000137e      0x2ed ./Drivers/STM32F1xx_HAL_Driver/Src/stm32f1xx_hal_cortex.o
 .debug_abbrev  0x000000000000166b      0x1bb ./Drivers/STM32F1xx_HAL_Driver/Src/stm32f1xx_hal_gpio.o
 .debug_abbrev  0x0000000000001826      0x2a8 ./Drivers/STM32F1xx_HAL_Driver/Src/stm32f1xx_hal_rcc.o
 .debug_abbrev  0x0000000000001ace      0x25d ./Drivers/STM32F1xx_HAL_Driver/Src/stm32f1xx_hal_tim.o
 .debug_abbrev  0x0000000000001d2b      0x265 ./Drivers/STM32F1xx_HAL_Driver/Src/stm32f1xx_hal_tim_ex.o
 .debug_abbrev  0x0000000000001f90      0x278 ./Drivers/STM32F1xx_HAL_Driver/Src/stm32f1xx_hal_uart.o

.debug_aranges  0x0000000000000000      0xe88
 .debug_aranges
                0x0000000000000000       0x68 ./Core/Src/can_utils.o
 .debug_aranges
                0x0000000000000068       0xf0 ./Core/Src/control.o
 .debug_aranges
                0x0000000000000158       0x70 ./Core/Src/main.o
 .debug_aranges
                0x00000000000001c8       0x40 ./Core/Src/stm32_utils.o
 .debug_aranges
                0x0000000000000208       0x50 ./Core/Src/stm32f1xx_hal_msp.o
 .debug_aranges
                0x0000000000000258       0xa8 ./Core/Src/stm32f1xx_it.o
 .debug_aranges
                0x0000000000000300       0x28 ./Core/Src/system_stm32f1xx.o
 .debug_aranges
                0x0000000000000328       0x28 ./Core/Startup/startup_stm32f103c6tx.o
 .debug_aranges
                0x0000000000000350       0xe0 ./Drivers/STM32F1xx_HAL_Driver/Src/stm32f1xx_hal.o
 .debug_aranges
                0x0000000000000430      0x138 ./Drivers/STM32F1xx_HAL_Driver/Src/stm32f1xx_hal_can.o
 .debug_aranges
                0x0000000000000568      0x100 ./Drivers/STM32F1xx_HAL_Driver/Src/stm32f1xx_hal_cortex.o
 .debug_aranges
                0x0000000000000668       0x58 ./Drivers/STM32F1xx_HAL_Driver/Src/stm32f1xx_hal_gpio.o
 .debug_aranges
                0x00000000000006c0       0x90 ./Drivers/STM32F1xx_HAL_Driver/Src/stm32f1xx_hal_rcc.o
 .debug_aranges
                0x0000000000000750      0x3d0 ./Drivers/STM32F1xx_HAL_Driver/Src/stm32f1xx_hal_tim.o
 .debug_aranges
                0x0000000000000b20      0x168 ./Drivers/STM32F1xx_HAL_Driver/Src/stm32f1xx_hal_tim_ex.o
 .debug_aranges
                0x0000000000000c88      0x200 ./Drivers/STM32F1xx_HAL_Driver/Src/stm32f1xx_hal_uart.o

.debug_ranges   0x0000000000000000      0xdc0
 .debug_ranges  0x0000000000000000       0x58 ./Core/Src/can_utils.o
 .debug_ranges  0x0000000000000058       0xe0 ./Core/Src/control.o
 .debug_ranges  0x0000000000000138       0x60 ./Core/Src/main.o
 .debug_ranges  0x0000000000000198       0x30 ./Core/Src/stm32_utils.o
 .debug_ranges  0x00000000000001c8       0x40 ./Core/Src/stm32f1xx_hal_msp.o
 .debug_ranges  0x0000000000000208       0x98 ./Core/Src/stm32f1xx_it.o
 .debug_ranges  0x00000000000002a0       0x18 ./Core/Src/system_stm32f1xx.o
 .debug_ranges  0x00000000000002b8       0x20 ./Core/Startup/startup_stm32f103c6tx.o
 .debug_ranges  0x00000000000002d8       0xd0 ./Drivers/STM32F1xx_HAL_Driver/Src/stm32f1xx_hal.o
 .debug_ranges  0x00000000000003a8      0x128 ./Drivers/STM32F1xx_HAL_Driver/Src/stm32f1xx_hal_can.o
 .debug_ranges  0x00000000000004d0       0xf0 ./Drivers/STM32F1xx_HAL_Driver/Src/stm32f1xx_hal_cortex.o
 .debug_ranges  0x00000000000005c0       0x48 ./Drivers/STM32F1xx_HAL_Driver/Src/stm32f1xx_hal_gpio.o
 .debug_ranges  0x0000000000000608       0x80 ./Drivers/STM32F1xx_HAL_Driver/Src/stm32f1xx_hal_rcc.o
 .debug_ranges  0x0000000000000688      0x3c0 ./Drivers/STM32F1xx_HAL_Driver/Src/stm32f1xx_hal_tim.o
 .debug_ranges  0x0000000000000a48      0x158 ./Drivers/STM32F1xx_HAL_Driver/Src/stm32f1xx_hal_tim_ex.o
 .debug_ranges  0x0000000000000ba0      0x220 ./Drivers/STM32F1xx_HAL_Driver/Src/stm32f1xx_hal_uart.o

.debug_macro    0x0000000000000000    0x1748d
 .debug_macro   0x0000000000000000      0x1dc ./Core/Src/can_utils.o
 .debug_macro   0x00000000000001dc      0xa6c ./Core/Src/can_utils.o
 .debug_macro   0x0000000000000c48      0x221 ./Core/Src/can_utils.o
 .debug_macro   0x0000000000000e69       0x2e ./Core/Src/can_utils.o
 .debug_macro   0x0000000000000e97       0x22 ./Core/Src/can_utils.o
 .debug_macro   0x0000000000000eb9       0x22 ./Core/Src/can_utils.o
 .debug_macro   0x0000000000000edb       0x8e ./Core/Src/can_utils.o
 .debug_macro   0x0000000000000f69       0x51 ./Core/Src/can_utils.o
 .debug_macro   0x0000000000000fba      0x103 ./Core/Src/can_utils.o
 .debug_macro   0x00000000000010bd       0x6a ./Core/Src/can_utils.o
 .debug_macro   0x0000000000001127      0x1df ./Core/Src/can_utils.o
 .debug_macro   0x0000000000001306       0x1c ./Core/Src/can_utils.o
 .debug_macro   0x0000000000001322       0x22 ./Core/Src/can_utils.o
 .debug_macro   0x0000000000001344       0xbd ./Core/Src/can_utils.o
 .debug_macro   0x0000000000001401      0xd23 ./Core/Src/can_utils.o
 .debug_macro   0x0000000000002124     0xde75 ./Core/Src/can_utils.o
 .debug_macro   0x000000000000ff99       0x6d ./Core/Src/can_utils.o
 .debug_macro   0x0000000000010006     0x3468 ./Core/Src/can_utils.o
 .debug_macro   0x000000000001346e      0x174 ./Core/Src/can_utils.o
 .debug_macro   0x00000000000135e2       0x5c ./Core/Src/can_utils.o
 .debug_macro   0x000000000001363e      0x5be ./Core/Src/can_utils.o
 .debug_macro   0x0000000000013bfc      0x1b7 ./Core/Src/can_utils.o
 .debug_macro   0x0000000000013db3      0x1cb ./Core/Src/can_utils.o
 .debug_macro   0x0000000000013f7e      0x114 ./Core/Src/can_utils.o
 .debug_macro   0x0000000000014092      0x1b2 ./Core/Src/can_utils.o
 .debug_macro   0x0000000000014244       0x27 ./Core/Src/can_utils.o
 .debug_macro   0x000000000001426b      0x12f ./Core/Src/can_utils.o
 .debug_macro   0x000000000001439a      0x1bc ./Core/Src/can_utils.o
 .debug_macro   0x0000000000014556       0x34 ./Core/Src/can_utils.o
 .debug_macro   0x000000000001458a       0x3c ./Core/Src/can_utils.o
 .debug_macro   0x00000000000145c6      0x408 ./Core/Src/can_utils.o
 .debug_macro   0x00000000000149ce       0x57 ./Core/Src/can_utils.o
 .debug_macro   0x0000000000014a25       0x88 ./Core/Src/can_utils.o
 .debug_macro   0x0000000000014aad      0x183 ./Core/Src/can_utils.o
 .debug_macro   0x0000000000014c30      0x141 ./Core/Src/can_utils.o
 .debug_macro   0x0000000000014d71      0x8d1 ./Core/Src/can_utils.o
 .debug_macro   0x0000000000015642      0x279 ./Core/Src/can_utils.o
 .debug_macro   0x00000000000158bb       0x69 ./Core/Src/can_utils.o
 .debug_macro   0x0000000000015924       0xee ./Core/Src/can_utils.o
 .debug_macro   0x0000000000015a12       0x82 ./Core/Src/can_utils.o
 .debug_macro   0x0000000000015a94       0x1c ./Core/Src/can_utils.o
 .debug_macro   0x0000000000015ab0       0x3a ./Core/Src/can_utils.o
 .debug_macro   0x0000000000015aea      0x1e6 ./Core/Src/control.o
 .debug_macro   0x0000000000015cd0       0x7c ./Core/Src/control.o
 .debug_macro   0x0000000000015d4c       0x34 ./Core/Src/control.o
 .debug_macro   0x0000000000015d80       0x22 ./Core/Src/control.o
 .debug_macro   0x0000000000015da2      0x1ea ./Core/Src/main.o
 .debug_macro   0x0000000000015f8c      0x1ca ./Core/Src/stm32_utils.o
 .debug_macro   0x0000000000016156      0x1bb ./Core/Src/stm32f1xx_hal_msp.o
 .debug_macro   0x0000000000016311      0x1c5 ./Core/Src/stm32f1xx_it.o
 .debug_macro   0x00000000000164d6      0x1ac ./Core/Src/system_stm32f1xx.o
 .debug_macro   0x0000000000016682      0x1d0 ./Drivers/STM32F1xx_HAL_Driver/Src/stm32f1xx_hal.o
 .debug_macro   0x0000000000016852      0x1b4 ./Drivers/STM32F1xx_HAL_Driver/Src/stm32f1xx_hal_can.o
 .debug_macro   0x0000000000016a06      0x1ac ./Drivers/STM32F1xx_HAL_Driver/Src/stm32f1xx_hal_cortex.o
 .debug_macro   0x0000000000016bb2      0x217 ./Drivers/STM32F1xx_HAL_Driver/Src/stm32f1xx_hal_gpio.o
 .debug_macro   0x0000000000016dc9      0x1be ./Drivers/STM32F1xx_HAL_Driver/Src/stm32f1xx_hal_rcc.o
 .debug_macro   0x0000000000016f87      0x1ad ./Drivers/STM32F1xx_HAL_Driver/Src/stm32f1xx_hal_tim.o
 .debug_macro   0x0000000000017134      0x1ac ./Drivers/STM32F1xx_HAL_Driver/Src/stm32f1xx_hal_tim_ex.o
 .debug_macro   0x00000000000172e0      0x1ad ./Drivers/STM32F1xx_HAL_Driver/Src/stm32f1xx_hal_uart.o

.debug_line     0x0000000000000000     0xdebe
 .debug_line    0x0000000000000000      0x84c ./Core/Src/can_utils.o
 .debug_line    0x000000000000084c      0xc0e ./Core/Src/control.o
 .debug_line    0x000000000000145a      0xab0 ./Core/Src/main.o
 .debug_line    0x0000000000001f0a      0x77d ./Core/Src/stm32_utils.o
 .debug_line    0x0000000000002687      0x78c ./Core/Src/stm32f1xx_hal_msp.o
 .debug_line    0x0000000000002e13      0x827 ./Core/Src/stm32f1xx_it.o
 .debug_line    0x000000000000363a      0x707 ./Core/Src/system_stm32f1xx.o
 .debug_line    0x0000000000003d41       0x87 ./Core/Startup/startup_stm32f103c6tx.o
 .debug_line    0x0000000000003dc8      0x934 ./Drivers/STM32F1xx_HAL_Driver/Src/stm32f1xx_hal.o
 .debug_line    0x00000000000046fc     0x10d5 ./Drivers/STM32F1xx_HAL_Driver/Src/stm32f1xx_hal_can.o
 .debug_line    0x00000000000057d1      0xb1c ./Drivers/STM32F1xx_HAL_Driver/Src/stm32f1xx_hal_cortex.o
 .debug_line    0x00000000000062ed      0x9b6 ./Drivers/STM32F1xx_HAL_Driver/Src/stm32f1xx_hal_gpio.o
 .debug_line    0x0000000000006ca3      0xd42 ./Drivers/STM32F1xx_HAL_Driver/Src/stm32f1xx_hal_rcc.o
 .debug_line    0x00000000000079e5     0x32a0 ./Drivers/STM32F1xx_HAL_Driver/Src/stm32f1xx_hal_tim.o
 .debug_line    0x000000000000ac85     0x182a ./Drivers/STM32F1xx_HAL_Driver/Src/stm32f1xx_hal_tim_ex.o
 .debug_line    0x000000000000c4af     0x1a0f ./Drivers/STM32F1xx_HAL_Driver/Src/stm32f1xx_hal_uart.o

.debug_str      0x0000000000000000    0x87b83
 .debug_str     0x0000000000000000    0x83c3c ./Core/Src/can_utils.o
                                      0x83fb1 (size before relaxing)
 .debug_str     0x0000000000083c3c      0xbf0 ./Core/Src/control.o
                                      0x84a7d (size before relaxing)
 .debug_str     0x000000000008482c      0x95d ./Core/Src/main.o
                                      0x84eab (size before relaxing)
 .debug_str     0x0000000000085189       0x59 ./Core/Src/stm32_utils.o
                                      0x83999 (size before relaxing)
 .debug_str     0x00000000000851e2       0xf6 ./Core/Src/stm32f1xx_hal_msp.o
                                      0x84224 (size before relaxing)
 .debug_str     0x00000000000852d8      0x173 ./Core/Src/stm32f1xx_it.o
                                      0x83daa (size before relaxing)
 .debug_str     0x000000000008544b       0x7e ./Core/Src/system_stm32f1xx.o
                                      0x830c9 (size before relaxing)
 .debug_str     0x00000000000854c9       0x36 ./Core/Startup/startup_stm32f103c6tx.o
                                         0x77 (size before relaxing)
 .debug_str     0x00000000000854ff      0x384 ./Drivers/STM32F1xx_HAL_Driver/Src/stm32f1xx_hal.o
                                      0x837c2 (size before relaxing)
 .debug_str     0x0000000000085883      0x3b6 ./Drivers/STM32F1xx_HAL_Driver/Src/stm32f1xx_hal_can.o
                                      0x838c9 (size before relaxing)
 .debug_str     0x0000000000085c39      0x257 ./Drivers/STM32F1xx_HAL_Driver/Src/stm32f1xx_hal_cortex.o
                                      0x8370e (size before relaxing)
 .debug_str     0x0000000000085e90      0x289 ./Drivers/STM32F1xx_HAL_Driver/Src/stm32f1xx_hal_gpio.o
                                      0x8344f (size before relaxing)
 .debug_str     0x0000000000086119      0x229 ./Drivers/STM32F1xx_HAL_Driver/Src/stm32f1xx_hal_rcc.o
                                      0x834f8 (size before relaxing)
 .debug_str     0x0000000000086342      0xdbb ./Drivers/STM32F1xx_HAL_Driver/Src/stm32f1xx_hal_tim.o
                                      0x844e3 (size before relaxing)
 .debug_str     0x00000000000870fd      0x493 ./Drivers/STM32F1xx_HAL_Driver/Src/stm32f1xx_hal_tim_ex.o
                                      0x83cff (size before relaxing)
 .debug_str     0x0000000000087590      0x5f3 ./Drivers/STM32F1xx_HAL_Driver/Src/stm32f1xx_hal_uart.o
                                      0x83b03 (size before relaxing)

.comment        0x0000000000000000       0x50
 .comment       0x0000000000000000       0x50 ./Core/Src/can_utils.o
                                         0x51 (size before relaxing)
 .comment       0x0000000000000050       0x51 ./Core/Src/control.o
 .comment       0x0000000000000050       0x51 ./Core/Src/main.o
 .comment       0x0000000000000050       0x51 ./Core/Src/stm32_utils.o
 .comment       0x0000000000000050       0x51 ./Core/Src/stm32f1xx_hal_msp.o
 .comment       0x0000000000000050       0x51 ./Core/Src/stm32f1xx_it.o
 .comment       0x0000000000000050       0x51 ./Core/Src/system_stm32f1xx.o
 .comment       0x0000000000000050       0x51 ./Drivers/STM32F1xx_HAL_Driver/Src/stm32f1xx_hal.o
 .comment       0x0000000000000050       0x51 ./Drivers/STM32F1xx_HAL_Driver/Src/stm32f1xx_hal_can.o
 .comment       0x0000000000000050       0x51 ./Drivers/STM32F1xx_HAL_Driver/Src/stm32f1xx_hal_cortex.o
 .comment       0x0000000000000050       0x51 ./Drivers/STM32F1xx_HAL_Driver/Src/stm32f1xx_hal_gpio.o
 .comment       0x0000000000000050       0x51 ./Drivers/STM32F1xx_HAL_Driver/Src/stm32f1xx_hal_rcc.o
 .comment       0x0000000000000050       0x51 ./Drivers/STM32F1xx_HAL_Driver/Src/stm32f1xx_hal_tim.o
 .comment       0x0000000000000050       0x51 ./Drivers/STM32F1xx_HAL_Driver/Src/stm32f1xx_hal_tim_ex.o
 .comment       0x0000000000000050       0x51 ./Drivers/STM32F1xx_HAL_Driver/Src/stm32f1xx_hal_uart.o

.debug_frame    0x0000000000000000     0x3c44
 .debug_frame   0x0000000000000000      0x18c ./Core/Src/can_utils.o
 .debug_frame   0x000000000000018c      0x360 ./Core/Src/control.o
 .debug_frame   0x00000000000004ec      0x178 ./Core/Src/main.o
 .debug_frame   0x0000000000000664       0xc4 ./Core/Src/stm32_utils.o
 .debug_frame   0x0000000000000728      0x110 ./Core/Src/stm32f1xx_hal_msp.o
 .debug_frame   0x0000000000000838      0x200 ./Core/Src/stm32f1xx_it.o
 .debug_frame   0x0000000000000a38       0x58 ./Core/Src/system_stm32f1xx.o
 .debug_frame   0x0000000000000a90      0x334 ./Drivers/STM32F1xx_HAL_Driver/Src/stm32f1xx_hal.o
 .debug_frame   0x0000000000000dc4      0x5a0 ./Drivers/STM32F1xx_HAL_Driver/Src/stm32f1xx_hal_can.o
 .debug_frame   0x0000000000001364      0x428 ./Drivers/STM32F1xx_HAL_Driver/Src/stm32f1xx_hal_cortex.o
 .debug_frame   0x000000000000178c      0x14c ./Drivers/STM32F1xx_HAL_Driver/Src/stm32f1xx_hal_gpio.o
 .debug_frame   0x00000000000018d8      0x21c ./Drivers/STM32F1xx_HAL_Driver/Src/stm32f1xx_hal_rcc.o
 .debug_frame   0x0000000000001af4     0x11b8 ./Drivers/STM32F1xx_HAL_Driver/Src/stm32f1xx_hal_tim.o
 .debug_frame   0x0000000000002cac      0x638 ./Drivers/STM32F1xx_HAL_Driver/Src/stm32f1xx_hal_tim_ex.o
 .debug_frame   0x00000000000032e4      0x914 ./Drivers/STM32F1xx_HAL_Driver/Src/stm32f1xx_hal_uart.o
 .debug_frame   0x0000000000003bf8       0x2c c:/st/stm32cubeide_1.10.0/stm32cubeide/plugins/com.st.stm32cube.ide.mcu.externaltools.gnu-tools-for-stm32.10.3-2021.10.win32_1.0.0.202111181127/tools/bin/../lib/gcc/arm-none-eabi/10.3.1/../../../../arm-none-eabi/lib/thumb/v7-m/nofp\libc_nano.a(lib_a-init.o)
 .debug_frame   0x0000000000003c24       0x20 c:/st/stm32cubeide_1.10.0/stm32cubeide/plugins/com.st.stm32cube.ide.mcu.externaltools.gnu-tools-for-stm32.10.3-2021.10.win32_1.0.0.202111181127/tools/bin/../lib/gcc/arm-none-eabi/10.3.1/../../../../arm-none-eabi/lib/thumb/v7-m/nofp\libc_nano.a(lib_a-memset.o)
