../Core/Src/control.c:14:6:Err_Handler	8	static
../Core/Src/control.c:23:6:Input_Check	8	static
../Core/Src/control.c:59:6:Relay_AIRPOS_SetState	16	static
../Core/Src/control.c:69:6:Relay_AIRNEG_SetState	16	static
../Core/Src/control.c:79:6:Relay_PC_SetState	16	static
../Core/Src/control.c:91:6:Relay_AIRPOS_Check	8	static
../Core/Src/control.c:125:6:Relay_AIRNEG_Check	8	static
../Core/Src/control.c:160:6:Relay_PC_Check	8	static
../Core/Src/control.c:194:6:HV_Check	8	static
../Core/Src/control.c:205:6:PC_Routine_Charge_Start	8	static
../Core/Src/control.c:214:6:PC_Routine_Charge_Complete	8	static
../Core/Src/control.c:229:6:PC_Routine_Discharge_Start	8	static
../Core/Src/control.c:240:6:PC_Routine_Discharge_Complete	8	static
../Core/Src/control.c:268:6:PC_Overflow	8	static
../Core/Src/control.c:276:6:Kill	8	static
../Core/Src/control.c:291:6:Shutdown	8	static
../Core/Src/control.c:304:6:TS_Request	16	static
../Core/Src/control.c:322:9:Status_Check	16	static
../Core/Src/control.c:329:9:Status_Set	16	static
../Core/Src/control.c:391:6:CAN_Transmit_State	48	static
../Core/Src/control.c:404:6:Startup	8	static
../Core/Src/control.c:420:6:Debounce_Power	8	static
../Core/Src/control.c:431:6:Debounce_TS	16	static
../Core/Src/control.c:439:6:Debounce_PC	8	static
../Core/Src/control.c:444:6:Debounce_Relays	8	static
../Core/Src/control.c:451:6:DevCon_Charger	16	static
../Core/Src/control.c:460:6:DevCon_Override	16	static
