../Core/Src/main.c:69:6:TaskScheduleHandler	8	static
../Core/Src/main.c:121:5:main	8	static
../Core/Src/main.c:199:6:SystemClock_Config	72	static
../Core/Src/main.c:239:13:MX_CAN_Init	56	static
../Core/Src/main.c:291:13:MX_TIM1_Init	32	static
../Core/Src/main.c:337:13:MX_TIM2_Init	32	static
../Core/Src/main.c:382:13:MX_USART1_UART_Init	8	static
../Core/Src/main.c:415:13:MX_GPIO_Init	40	static
../Core/Src/main.c:488:6:HAL_TIM_PeriodElapsedCallback	16	static
../Core/Src/main.c:500:6:HAL_GPIO_EXTI_Callback	16	static
../Core/Src/main.c:553:6:Error_Handler	4	static,ignoring_inline_asm
